[2025-12-04T22:16:11.665+0530][gc,init] CardTable entry size: 512
[2025-12-04T22:16:11.665+0530][gc     ] Using G1
[2025-12-04T22:16:11.667+0530][gc,init] Version: 23.0.2+7 (release)
[2025-12-04T22:16:11.667+0530][gc,init] CPUs: 10 total, 10 available
[2025-12-04T22:16:11.667+0530][gc,init] Memory: 16384M
[2025-12-04T22:16:11.667+0530][gc,init] Large Page Support: Disabled
[2025-12-04T22:16:11.667+0530][gc,init] NUMA Support: Disabled
[2025-12-04T22:16:11.667+0530][gc,init] Compressed Oops: Enabled (Zero based)
[2025-12-04T22:16:11.667+0530][gc,init] Heap Region Size: 1M
[2025-12-04T22:16:11.667+0530][gc,init] Heap Min Capacity: 1G
[2025-12-04T22:16:11.667+0530][gc,init] Heap Initial Capacity: 1G
[2025-12-04T22:16:11.667+0530][gc,init] Heap Max Capacity: 1G
[2025-12-04T22:16:11.667+0530][gc,init] Pre-touch: Disabled
[2025-12-04T22:16:11.667+0530][gc,init] Parallel Workers: 9
[2025-12-04T22:16:11.667+0530][gc,init] Concurrent Workers: 2
[2025-12-04T22:16:11.667+0530][gc,init] Concurrent Refinement Workers: 9
[2025-12-04T22:16:11.667+0530][gc,init] Periodic GC: Disabled
[2025-12-04T22:16:11.670+0530][gc,metaspace] CDS archive(s) mapped at: [0x00001c0000000000-0x00001c0000d94000-0x00001c0000d94000), size 14237696, SharedBaseAddress: 0x00001c0000000000, ArchiveRelocationMode: 1.
[2025-12-04T22:16:11.670+0530][gc,metaspace] Compressed class space mapped at: 0x00001c0001000000-0x00001c0041000000, reserved size: 1073741824
[2025-12-04T22:16:11.670+0530][gc,metaspace] Narrow klass base: 0x00001c0000000000, Narrow klass shift: 0, Narrow klass range: 0x100000000
[2025-12-04T22:16:17.268+0530][gc,start    ] GC(0) Pause Young (Normal) (G1 Evacuation Pause)
[2025-12-04T22:16:17.268+0530][gc,task     ] GC(0) Using 9 workers of 9 for evacuation
[2025-12-04T22:16:17.271+0530][gc,phases   ] GC(0)   Pre Evacuate Collection Set: 0.10ms
[2025-12-04T22:16:17.271+0530][gc,phases   ] GC(0)   Merge Heap Roots: 0.07ms
[2025-12-04T22:16:17.271+0530][gc,phases   ] GC(0)   Evacuate Collection Set: 1.92ms
[2025-12-04T22:16:17.271+0530][gc,phases   ] GC(0)   Post Evacuate Collection Set: 0.44ms
[2025-12-04T22:16:17.271+0530][gc,phases   ] GC(0)   Other: 0.23ms
[2025-12-04T22:16:17.271+0530][gc,heap     ] GC(0) Eden regions: 51->0(44)
[2025-12-04T22:16:17.271+0530][gc,heap     ] GC(0) Survivor regions: 0->7(7)
[2025-12-04T22:16:17.271+0530][gc,heap     ] GC(0) Old regions: 2->4
[2025-12-04T22:16:17.271+0530][gc,heap     ] GC(0) Humongous regions: 0->0
[2025-12-04T22:16:17.271+0530][gc,metaspace] GC(0) Metaspace: 19198K(19456K)->19198K(19456K) NonClass: 16643K(16768K)->16643K(16768K) Class: 2555K(2688K)->2555K(2688K)
[2025-12-04T22:16:17.271+0530][gc          ] GC(0) Pause Young (Normal) (G1 Evacuation Pause) (Evacuation Failure: Pinned) 52M->9M(1024M) 2.944ms
[2025-12-04T22:16:17.271+0530][gc,cpu      ] GC(0) User=0.01s Sys=0.00s Real=0.01s
[2025-12-04T22:16:17.323+0530][gc,start    ] GC(1) Pause Young (Concurrent Start) (Metadata GC Threshold)
[2025-12-04T22:16:17.323+0530][gc,task     ] GC(1) Using 9 workers of 9 for evacuation
[2025-12-04T22:16:17.325+0530][gc,phases   ] GC(1)   Pre Evacuate Collection Set: 0.15ms
[2025-12-04T22:16:17.325+0530][gc,phases   ] GC(1)   Merge Heap Roots: 0.07ms
[2025-12-04T22:16:17.325+0530][gc,phases   ] GC(1)   Evacuate Collection Set: 1.47ms
[2025-12-04T22:16:17.325+0530][gc,phases   ] GC(1)   Post Evacuate Collection Set: 0.29ms
[2025-12-04T22:16:17.325+0530][gc,phases   ] GC(1)   Other: 0.07ms
[2025-12-04T22:16:17.325+0530][gc,heap     ] GC(1) Eden regions: 10->0(49)
[2025-12-04T22:16:17.325+0530][gc,heap     ] GC(1) Survivor regions: 7->2(7)
[2025-12-04T22:16:17.325+0530][gc,heap     ] GC(1) Old regions: 4->9
[2025-12-04T22:16:17.325+0530][gc,heap     ] GC(1) Humongous regions: 129->129
[2025-12-04T22:16:17.325+0530][gc,metaspace] GC(1) Metaspace: 21315K(21504K)->21315K(21504K) NonClass: 18492K(18560K)->18492K(18560K) Class: 2822K(2944K)->2822K(2944K)
[2025-12-04T22:16:17.325+0530][gc          ] GC(1) Pause Young (Concurrent Start) (Metadata GC Threshold) 147M->138M(1024M) 2.329ms
[2025-12-04T22:16:17.325+0530][gc,cpu      ] GC(1) User=0.01s Sys=0.00s Real=0.00s
[2025-12-04T22:16:17.325+0530][gc          ] GC(2) Concurrent Mark Cycle
[2025-12-04T22:16:17.325+0530][gc,marking  ] GC(2) Concurrent Scan Root Regions
[2025-12-04T22:16:17.327+0530][gc,marking  ] GC(2) Concurrent Scan Root Regions 1.317ms
[2025-12-04T22:16:17.327+0530][gc,marking  ] GC(2) Concurrent Mark
[2025-12-04T22:16:17.327+0530][gc,marking  ] GC(2) Concurrent Mark From Roots
[2025-12-04T22:16:17.327+0530][gc,task     ] GC(2) Using 2 workers of 2 for marking
[2025-12-04T22:16:17.327+0530][gc,marking  ] GC(2) Concurrent Mark From Roots 0.886ms
[2025-12-04T22:16:17.328+0530][gc,marking  ] GC(2) Concurrent Preclean
[2025-12-04T22:16:17.328+0530][gc,marking  ] GC(2) Concurrent Preclean 0.006ms
[2025-12-04T22:16:17.328+0530][gc,start    ] GC(2) Pause Remark
[2025-12-04T22:16:17.329+0530][gc          ] GC(2) Pause Remark 139M->139M(1024M) 1.001ms
[2025-12-04T22:16:17.329+0530][gc,cpu      ] GC(2) User=0.01s Sys=0.00s Real=0.00s
[2025-12-04T22:16:17.329+0530][gc,marking  ] GC(2) Concurrent Mark 2.015ms
[2025-12-04T22:16:17.329+0530][gc,marking  ] GC(2) Concurrent Rebuild Remembered Sets and Scrub Regions
[2025-12-04T22:16:17.330+0530][gc,marking  ] GC(2) Concurrent Rebuild Remembered Sets and Scrub Regions 1.267ms
[2025-12-04T22:16:17.330+0530][gc,start    ] GC(2) Pause Cleanup
[2025-12-04T22:16:17.330+0530][gc          ] GC(2) Pause Cleanup 139M->139M(1024M) 0.020ms
[2025-12-04T22:16:17.330+0530][gc,cpu      ] GC(2) User=0.00s Sys=0.00s Real=0.00s
[2025-12-04T22:16:17.330+0530][gc,marking  ] GC(2) Concurrent Clear Claimed Marks
[2025-12-04T22:16:17.330+0530][gc,marking  ] GC(2) Concurrent Clear Claimed Marks 0.015ms
[2025-12-04T22:16:17.330+0530][gc,marking  ] GC(2) Concurrent Cleanup for Next Mark
[2025-12-04T22:16:17.331+0530][gc,marking  ] GC(2) Concurrent Cleanup for Next Mark 1.326ms
[2025-12-04T22:16:17.331+0530][gc          ] GC(2) Concurrent Mark Cycle 6.243ms
[2025-12-04T22:23:48.095+0530][gc,start    ] GC(3) Pause Young (Prepare Mixed) (G1 Evacuation Pause)
[2025-12-04T22:23:48.095+0530][gc,task     ] GC(3) Using 9 workers of 9 for evacuation
[2025-12-04T22:23:48.099+0530][gc,phases   ] GC(3)   Pre Evacuate Collection Set: 0.25ms
[2025-12-04T22:23:48.099+0530][gc,phases   ] GC(3)   Merge Heap Roots: 0.11ms
[2025-12-04T22:23:48.099+0530][gc,phases   ] GC(3)   Evacuate Collection Set: 2.58ms
[2025-12-04T22:23:48.099+0530][gc,phases   ] GC(3)   Post Evacuate Collection Set: 0.30ms
[2025-12-04T22:23:48.099+0530][gc,phases   ] GC(3)   Other: 0.09ms
[2025-12-04T22:23:48.099+0530][gc,heap     ] GC(3) Eden regions: 49->0(45)
[2025-12-04T22:23:48.099+0530][gc,heap     ] GC(3) Survivor regions: 2->6(7)
[2025-12-04T22:23:48.099+0530][gc,heap     ] GC(3) Old regions: 9->9
[2025-12-04T22:23:48.099+0530][gc,heap     ] GC(3) Humongous regions: 129->129
[2025-12-04T22:23:48.099+0530][gc,metaspace] GC(3) Metaspace: 32370K(32768K)->32370K(32768K) NonClass: 28404K(28608K)->28404K(28608K) Class: 3966K(4160K)->3966K(4160K)
[2025-12-04T22:23:48.099+0530][gc          ] GC(3) Pause Young (Prepare Mixed) (G1 Evacuation Pause) 187M->142M(1024M) 3.637ms
[2025-12-04T22:23:48.099+0530][gc,cpu      ] GC(3) User=0.03s Sys=0.00s Real=0.00s
[2025-12-04T22:46:17.501+0530][gc,start    ] GC(4) Pause Young (Mixed) (G1 Evacuation Pause)
[2025-12-04T22:46:17.501+0530][gc,task     ] GC(4) Using 9 workers of 9 for evacuation
[2025-12-04T22:46:17.508+0530][gc,phases   ] GC(4)   Pre Evacuate Collection Set: 1.09ms
[2025-12-04T22:46:17.508+0530][gc,phases   ] GC(4)   Merge Heap Roots: 0.12ms
[2025-12-04T22:46:17.508+0530][gc,phases   ] GC(4)   Evacuate Collection Set: 5.07ms
[2025-12-04T22:46:17.508+0530][gc,phases   ] GC(4)   Post Evacuate Collection Set: 0.47ms
[2025-12-04T22:46:17.508+0530][gc,phases   ] GC(4)   Other: 0.20ms
[2025-12-04T22:46:17.508+0530][gc,heap     ] GC(4) Eden regions: 45->0(50)
[2025-12-04T22:46:17.508+0530][gc,heap     ] GC(4) Survivor regions: 6->1(7)
[2025-12-04T22:46:17.508+0530][gc,heap     ] GC(4) Old regions: 9->14
[2025-12-04T22:46:17.508+0530][gc,heap     ] GC(4) Humongous regions: 129->129
[2025-12-04T22:46:17.508+0530][gc,metaspace] GC(4) Metaspace: 33108K(33472K)->33108K(33472K) NonClass: 29111K(29312K)->29111K(29312K) Class: 3997K(4160K)->3997K(4160K)
[2025-12-04T22:46:17.508+0530][gc          ] GC(4) Pause Young (Mixed) (G1 Evacuation Pause) 187M->143M(1024M) 7.658ms
[2025-12-04T22:46:17.508+0530][gc,cpu      ] GC(4) User=0.03s Sys=0.00s Real=0.00s
[2025-12-04T23:07:47.312+0530][gc,start    ] GC(5) Pause Young (Normal) (G1 Evacuation Pause)
[2025-12-04T23:07:47.312+0530][gc,task     ] GC(5) Using 9 workers of 9 for evacuation
[2025-12-04T23:07:47.313+0530][gc,phases   ] GC(5)   Pre Evacuate Collection Set: 0.15ms
[2025-12-04T23:07:47.313+0530][gc,phases   ] GC(5)   Merge Heap Roots: 0.05ms
[2025-12-04T23:07:47.313+0530][gc,phases   ] GC(5)   Evacuate Collection Set: 0.59ms
[2025-12-04T23:07:47.313+0530][gc,phases   ] GC(5)   Post Evacuate Collection Set: 0.24ms
[2025-12-04T23:07:47.313+0530][gc,phases   ] GC(5)   Other: 0.08ms
[2025-12-04T23:07:47.313+0530][gc,heap     ] GC(5) Eden regions: 50->0(50)
[2025-12-04T23:07:47.313+0530][gc,heap     ] GC(5) Survivor regions: 1->1(7)
[2025-12-04T23:07:47.313+0530][gc,heap     ] GC(5) Old regions: 14->14
[2025-12-04T23:07:47.313+0530][gc,heap     ] GC(5) Humongous regions: 129->129
[2025-12-04T23:07:47.313+0530][gc,metaspace] GC(5) Metaspace: 33943K(34368K)->33943K(34368K) NonClass: 29845K(30080K)->29845K(30080K) Class: 4097K(4288K)->4097K(4288K)
[2025-12-04T23:07:47.313+0530][gc          ] GC(5) Pause Young (Normal) (G1 Evacuation Pause) 193M->143M(1024M) 1.285ms
[2025-12-04T23:07:47.313+0530][gc,cpu      ] GC(5) User=0.00s Sys=0.00s Real=0.00s
[2025-12-04T23:32:17.569+0530][gc,start    ] GC(6) Pause Young (Normal) (G1 Evacuation Pause)
[2025-12-04T23:32:17.569+0530][gc,task     ] GC(6) Using 9 workers of 9 for evacuation
[2025-12-04T23:32:17.582+0530][gc,phases   ] GC(6)   Pre Evacuate Collection Set: 0.53ms
[2025-12-04T23:32:17.582+0530][gc,phases   ] GC(6)   Merge Heap Roots: 0.18ms
[2025-12-04T23:32:17.582+0530][gc,phases   ] GC(6)   Evacuate Collection Set: 11.19ms
[2025-12-04T23:32:17.582+0530][gc,phases   ] GC(6)   Post Evacuate Collection Set: 0.40ms
[2025-12-04T23:32:17.582+0530][gc,phases   ] GC(6)   Other: 0.20ms
[2025-12-04T23:32:17.582+0530][gc,heap     ] GC(6) Eden regions: 50->0(50)
[2025-12-04T23:32:17.582+0530][gc,heap     ] GC(6) Survivor regions: 1->1(7)
[2025-12-04T23:32:17.582+0530][gc,heap     ] GC(6) Old regions: 14->14
[2025-12-04T23:32:17.582+0530][gc,heap     ] GC(6) Humongous regions: 129->129
[2025-12-04T23:32:17.582+0530][gc,metaspace] GC(6) Metaspace: 34106K(34560K)->34106K(34560K) NonClass: 29991K(30272K)->29991K(30272K) Class: 4115K(4288K)->4115K(4288K)
[2025-12-04T23:32:17.582+0530][gc          ] GC(6) Pause Young (Normal) (G1 Evacuation Pause) 193M->143M(1024M) 12.977ms
[2025-12-04T23:32:17.582+0530][gc,cpu      ] GC(6) User=0.01s Sys=0.00s Real=0.02s
[2025-12-04T23:57:27.565+0530][gc,start    ] GC(7) Pause Young (Normal) (G1 Evacuation Pause)
[2025-12-04T23:57:27.565+0530][gc,task     ] GC(7) Using 9 workers of 9 for evacuation
[2025-12-04T23:57:27.575+0530][gc,phases   ] GC(7)   Pre Evacuate Collection Set: 0.52ms
[2025-12-04T23:57:27.575+0530][gc,phases   ] GC(7)   Merge Heap Roots: 0.14ms
[2025-12-04T23:57:27.575+0530][gc,phases   ] GC(7)   Evacuate Collection Set: 7.00ms
[2025-12-04T23:57:27.575+0530][gc,phases   ] GC(7)   Post Evacuate Collection Set: 1.48ms
[2025-12-04T23:57:27.575+0530][gc,phases   ] GC(7)   Other: 0.35ms
[2025-12-04T23:57:27.575+0530][gc,heap     ] GC(7) Eden regions: 50->0(50)
[2025-12-04T23:57:27.575+0530][gc,heap     ] GC(7) Survivor regions: 1->1(7)
[2025-12-04T23:57:27.575+0530][gc,heap     ] GC(7) Old regions: 14->14
[2025-12-04T23:57:27.575+0530][gc,heap     ] GC(7) Humongous regions: 129->129
[2025-12-04T23:57:27.575+0530][gc,metaspace] GC(7) Metaspace: 34141K(34560K)->34141K(34560K) NonClass: 30025K(30272K)->30025K(30272K) Class: 4115K(4288K)->4115K(4288K)
[2025-12-04T23:57:27.576+0530][gc          ] GC(7) Pause Young (Normal) (G1 Evacuation Pause) 193M->143M(1024M) 10.606ms
[2025-12-04T23:57:27.576+0530][gc,cpu      ] GC(7) User=0.02s Sys=0.00s Real=0.01s
[2025-12-05T00:22:52.563+0530][gc,start    ] GC(8) Pause Young (Normal) (G1 Evacuation Pause)
[2025-12-05T00:22:52.563+0530][gc,task     ] GC(8) Using 9 workers of 9 for evacuation
[2025-12-05T00:22:52.575+0530][gc,phases   ] GC(8)   Pre Evacuate Collection Set: 1.17ms
[2025-12-05T00:22:52.575+0530][gc,phases   ] GC(8)   Merge Heap Roots: 0.14ms
[2025-12-05T00:22:52.575+0530][gc,phases   ] GC(8)   Evacuate Collection Set: 5.87ms
[2025-12-05T00:22:52.575+0530][gc,phases   ] GC(8)   Post Evacuate Collection Set: 4.13ms
[2025-12-05T00:22:52.575+0530][gc,phases   ] GC(8)   Other: 0.23ms
[2025-12-05T00:22:52.575+0530][gc,heap     ] GC(8) Eden regions: 50->0(50)
[2025-12-05T00:22:52.575+0530][gc,heap     ] GC(8) Survivor regions: 1->1(7)
[2025-12-05T00:22:52.575+0530][gc,heap     ] GC(8) Old regions: 14->14
[2025-12-05T00:22:52.575+0530][gc,heap     ] GC(8) Humongous regions: 129->129
[2025-12-05T00:22:52.575+0530][gc,metaspace] GC(8) Metaspace: 34154K(34560K)->34154K(34560K) NonClass: 30038K(30272K)->30038K(30272K) Class: 4115K(4288K)->4115K(4288K)
[2025-12-05T00:22:52.575+0530][gc          ] GC(8) Pause Young (Normal) (G1 Evacuation Pause) 193M->143M(1024M) 12.512ms
[2025-12-05T00:22:52.575+0530][gc,cpu      ] GC(8) User=0.01s Sys=0.00s Real=0.01s
[2025-12-05T00:48:41.803+0530][gc,start    ] GC(9) Pause Young (Normal) (G1 Evacuation Pause)
[2025-12-05T00:48:41.803+0530][gc,task     ] GC(9) Using 9 workers of 9 for evacuation
[2025-12-05T00:48:41.810+0530][gc,phases   ] GC(9)   Pre Evacuate Collection Set: 0.53ms
[2025-12-05T00:48:41.811+0530][gc,phases   ] GC(9)   Merge Heap Roots: 0.14ms
[2025-12-05T00:48:41.811+0530][gc,phases   ] GC(9)   Evacuate Collection Set: 5.46ms
[2025-12-05T00:48:41.811+0530][gc,phases   ] GC(9)   Post Evacuate Collection Set: 0.63ms
[2025-12-05T00:48:41.811+0530][gc,phases   ] GC(9)   Other: 0.31ms
[2025-12-05T00:48:41.811+0530][gc,heap     ] GC(9) Eden regions: 50->0(58)
[2025-12-05T00:48:41.811+0530][gc,heap     ] GC(9) Survivor regions: 1->1(7)
[2025-12-05T00:48:41.811+0530][gc,heap     ] GC(9) Old regions: 14->14
[2025-12-05T00:48:41.811+0530][gc,heap     ] GC(9) Humongous regions: 129->129
[2025-12-05T00:48:41.811+0530][gc,metaspace] GC(9) Metaspace: 34170K(34560K)->34170K(34560K) NonClass: 30054K(30272K)->30054K(30272K) Class: 4115K(4288K)->4115K(4288K)
[2025-12-05T00:48:41.811+0530][gc          ] GC(9) Pause Young (Normal) (G1 Evacuation Pause) 193M->143M(1024M) 7.986ms
[2025-12-05T00:48:41.811+0530][gc,cpu      ] GC(9) User=0.01s Sys=0.00s Real=0.01s
[2025-12-05T00:53:22.184+0530][gc,start    ] GC(10) Pause Young (Concurrent Start) (Metadata GC Threshold)
[2025-12-05T00:53:22.184+0530][gc,task     ] GC(10) Using 9 workers of 9 for evacuation
[2025-12-05T00:53:22.187+0530][gc,phases   ] GC(10)   Pre Evacuate Collection Set: 0.23ms
[2025-12-05T00:53:22.187+0530][gc,phases   ] GC(10)   Merge Heap Roots: 0.10ms
[2025-12-05T00:53:22.187+0530][gc,phases   ] GC(10)   Evacuate Collection Set: 1.21ms
[2025-12-05T00:53:22.187+0530][gc,phases   ] GC(10)   Post Evacuate Collection Set: 0.42ms
[2025-12-05T00:53:22.187+0530][gc,phases   ] GC(10)   Other: 0.14ms
[2025-12-05T00:53:22.187+0530][gc,heap     ] GC(10) Eden regions: 25->0(91)
[2025-12-05T00:53:22.187+0530][gc,heap     ] GC(10) Survivor regions: 1->2(8)
[2025-12-05T00:53:22.187+0530][gc,heap     ] GC(10) Old regions: 14->14
[2025-12-05T00:53:22.187+0530][gc,heap     ] GC(10) Humongous regions: 129->129
[2025-12-05T00:53:22.187+0530][gc,metaspace] GC(10) Metaspace: 35689K(36096K)->35689K(36096K) NonClass: 31259K(31488K)->31259K(31488K) Class: 4430K(4608K)->4430K(4608K)
[2025-12-05T00:53:22.187+0530][gc          ] GC(10) Pause Young (Concurrent Start) (Metadata GC Threshold) 167M->143M(1024M) 2.349ms
[2025-12-05T00:53:22.187+0530][gc,cpu      ] GC(10) User=0.01s Sys=0.00s Real=0.00s
[2025-12-05T00:53:22.187+0530][gc          ] GC(11) Concurrent Mark Cycle
[2025-12-05T00:53:22.187+0530][gc,marking  ] GC(11) Concurrent Scan Root Regions
[2025-12-05T00:53:22.188+0530][gc,marking  ] GC(11) Concurrent Scan Root Regions 1.008ms
[2025-12-05T00:53:22.188+0530][gc,marking  ] GC(11) Concurrent Mark
[2025-12-05T00:53:22.188+0530][gc,marking  ] GC(11) Concurrent Mark From Roots
[2025-12-05T00:53:22.188+0530][gc,task     ] GC(11) Using 2 workers of 2 for marking
[2025-12-05T00:53:22.197+0530][gc,marking  ] GC(11) Concurrent Mark From Roots 8.796ms
[2025-12-05T00:53:22.197+0530][gc,marking  ] GC(11) Concurrent Preclean
[2025-12-05T00:53:22.197+0530][gc,marking  ] GC(11) Concurrent Preclean 0.082ms
[2025-12-05T00:53:22.197+0530][gc,start    ] GC(11) Pause Remark
[2025-12-05T00:53:22.202+0530][gc          ] GC(11) Pause Remark 144M->144M(1024M) 5.053ms
[2025-12-05T00:53:22.203+0530][gc,cpu      ] GC(11) User=0.03s Sys=0.00s Real=0.01s
[2025-12-05T00:53:22.203+0530][gc,marking  ] GC(11) Concurrent Mark 14.693ms
[2025-12-05T00:53:22.203+0530][gc,marking  ] GC(11) Concurrent Rebuild Remembered Sets and Scrub Regions
[2025-12-05T00:53:22.206+0530][gc,marking  ] GC(11) Concurrent Rebuild Remembered Sets and Scrub Regions 3.493ms
[2025-12-05T00:53:22.208+0530][gc,start    ] GC(11) Pause Cleanup
[2025-12-05T00:53:22.208+0530][gc          ] GC(11) Pause Cleanup 144M->144M(1024M) 0.030ms
[2025-12-05T00:53:22.208+0530][gc,cpu      ] GC(11) User=0.00s Sys=0.00s Real=0.00s
[2025-12-05T00:53:22.208+0530][gc,marking  ] GC(11) Concurrent Clear Claimed Marks
[2025-12-05T00:53:22.208+0530][gc,marking  ] GC(11) Concurrent Clear Claimed Marks 0.034ms
[2025-12-05T00:53:22.208+0530][gc,marking  ] GC(11) Concurrent Cleanup for Next Mark
[2025-12-05T00:53:22.210+0530][gc,marking  ] GC(11) Concurrent Cleanup for Next Mark 1.846ms
[2025-12-05T00:53:22.213+0530][gc          ] GC(11) Concurrent Mark Cycle 26.236ms
[2025-12-05T00:53:23.733+0530][gc,heap,exit] Heap
[2025-12-05T00:53:23.733+0530][gc,heap,exit]  garbage-first heap   total reserved 1048576K, committed 1048576K, used 151309K [0x00000007c0000000, 0x0000000800000000)
[2025-12-05T00:53:23.733+0530][gc,heap,exit]   region size 1024K, 6 young (6144K), 2 survivors (2048K)
[2025-12-05T00:53:23.733+0530][gc,heap,exit]  Metaspace       used 35907K, committed 36352K, reserved 1114112K
[2025-12-05T00:53:23.733+0530][gc,heap,exit]   class space    used 4477K, committed 4672K, reserved 1048576K
