[2025-12-04T22:13:23.383+0530][gc,init] CardTable entry size: 512
[2025-12-04T22:13:23.383+0530][gc     ] Using G1
[2025-12-04T22:13:23.384+0530][gc,init] Version: 23.0.2+7 (release)
[2025-12-04T22:13:23.384+0530][gc,init] CPUs: 10 total, 10 available
[2025-12-04T22:13:23.384+0530][gc,init] Memory: 16384M
[2025-12-04T22:13:23.384+0530][gc,init] Large Page Support: Disabled
[2025-12-04T22:13:23.384+0530][gc,init] NUMA Support: Disabled
[2025-12-04T22:13:23.384+0530][gc,init] Compressed Oops: Enabled (Zero based)
[2025-12-04T22:13:23.384+0530][gc,init] Heap Region Size: 1M
[2025-12-04T22:13:23.384+0530][gc,init] Heap Min Capacity: 1G
[2025-12-04T22:13:23.384+0530][gc,init] Heap Initial Capacity: 1G
[2025-12-04T22:13:23.384+0530][gc,init] Heap Max Capacity: 1G
[2025-12-04T22:13:23.384+0530][gc,init] Pre-touch: Disabled
[2025-12-04T22:13:23.384+0530][gc,init] Parallel Workers: 9
[2025-12-04T22:13:23.384+0530][gc,init] Concurrent Workers: 2
[2025-12-04T22:13:23.384+0530][gc,init] Concurrent Refinement Workers: 9
[2025-12-04T22:13:23.384+0530][gc,init] Periodic GC: Disabled
[2025-12-04T22:13:23.387+0530][gc,metaspace] CDS archive(s) mapped at: [0x0000018000000000-0x0000018000d94000-0x0000018000d94000), size 14237696, SharedBaseAddress: 0x0000018000000000, ArchiveRelocationMode: 1.
[2025-12-04T22:13:23.388+0530][gc,metaspace] Compressed class space mapped at: 0x0000018001000000-0x0000018041000000, reserved size: 1073741824
[2025-12-04T22:13:23.388+0530][gc,metaspace] Narrow klass base: 0x0000018000000000, Narrow klass shift: 0, Narrow klass range: 0x100000000
[2025-12-04T22:13:29.049+0530][gc,start    ] GC(0) Pause Young (Normal) (G1 Evacuation Pause)
[2025-12-04T22:13:29.050+0530][gc,task     ] GC(0) Using 9 workers of 9 for evacuation
[2025-12-04T22:13:29.052+0530][gc,phases   ] GC(0)   Pre Evacuate Collection Set: 0.11ms
[2025-12-04T22:13:29.052+0530][gc,phases   ] GC(0)   Merge Heap Roots: 0.05ms
[2025-12-04T22:13:29.052+0530][gc,phases   ] GC(0)   Evacuate Collection Set: 2.06ms
[2025-12-04T22:13:29.052+0530][gc,phases   ] GC(0)   Post Evacuate Collection Set: 0.44ms
[2025-12-04T22:13:29.052+0530][gc,phases   ] GC(0)   Other: 0.29ms
[2025-12-04T22:13:29.052+0530][gc,heap     ] GC(0) Eden regions: 51->0(44)
[2025-12-04T22:13:29.052+0530][gc,heap     ] GC(0) Survivor regions: 0->7(7)
[2025-12-04T22:13:29.052+0530][gc,heap     ] GC(0) Old regions: 2->3
[2025-12-04T22:13:29.052+0530][gc,heap     ] GC(0) Humongous regions: 0->0
[2025-12-04T22:13:29.052+0530][gc,metaspace] GC(0) Metaspace: 19251K(19456K)->19251K(19456K) NonClass: 16674K(16768K)->16674K(16768K) Class: 2576K(2688K)->2576K(2688K)
[2025-12-04T22:13:29.052+0530][gc          ] GC(0) Pause Young (Normal) (G1 Evacuation Pause) 52M->8M(1024M) 3.115ms
[2025-12-04T22:13:29.052+0530][gc,cpu      ] GC(0) User=0.02s Sys=0.00s Real=0.01s
[2025-12-04T22:13:29.105+0530][gc,start    ] GC(1) Pause Young (Concurrent Start) (Metadata GC Threshold)
[2025-12-04T22:13:29.105+0530][gc,task     ] GC(1) Using 9 workers of 9 for evacuation
[2025-12-04T22:13:29.108+0530][gc,phases   ] GC(1)   Pre Evacuate Collection Set: 0.16ms
[2025-12-04T22:13:29.108+0530][gc,phases   ] GC(1)   Merge Heap Roots: 0.03ms
[2025-12-04T22:13:29.108+0530][gc,phases   ] GC(1)   Evacuate Collection Set: 1.80ms
[2025-12-04T22:13:29.108+0530][gc,phases   ] GC(1)   Post Evacuate Collection Set: 0.24ms
[2025-12-04T22:13:29.108+0530][gc,phases   ] GC(1)   Other: 0.08ms
[2025-12-04T22:13:29.108+0530][gc,heap     ] GC(1) Eden regions: 10->0(49)
[2025-12-04T22:13:29.108+0530][gc,heap     ] GC(1) Survivor regions: 7->2(7)
[2025-12-04T22:13:29.108+0530][gc,heap     ] GC(1) Old regions: 3->10
[2025-12-04T22:13:29.108+0530][gc,heap     ] GC(1) Humongous regions: 129->129
[2025-12-04T22:13:29.108+0530][gc,metaspace] GC(1) Metaspace: 21329K(21504K)->21329K(21504K) NonClass: 18488K(18560K)->18488K(18560K) Class: 2841K(2944K)->2841K(2944K)
[2025-12-04T22:13:29.108+0530][gc          ] GC(1) Pause Young (Concurrent Start) (Metadata GC Threshold) 146M->138M(1024M) 2.450ms
[2025-12-04T22:13:29.108+0530][gc,cpu      ] GC(1) User=0.01s Sys=0.01s Real=0.00s
[2025-12-04T22:13:29.108+0530][gc          ] GC(2) Concurrent Mark Cycle
[2025-12-04T22:13:29.108+0530][gc,marking  ] GC(2) Concurrent Scan Root Regions
[2025-12-04T22:13:29.109+0530][gc,marking  ] GC(2) Concurrent Scan Root Regions 1.191ms
[2025-12-04T22:13:29.109+0530][gc,marking  ] GC(2) Concurrent Mark
[2025-12-04T22:13:29.109+0530][gc,marking  ] GC(2) Concurrent Mark From Roots
[2025-12-04T22:13:29.109+0530][gc,task     ] GC(2) Using 2 workers of 2 for marking
[2025-12-04T22:13:29.110+0530][gc,marking  ] GC(2) Concurrent Mark From Roots 0.880ms
[2025-12-04T22:13:29.110+0530][gc,marking  ] GC(2) Concurrent Preclean
[2025-12-04T22:13:29.110+0530][gc,marking  ] GC(2) Concurrent Preclean 0.005ms
[2025-12-04T22:13:29.110+0530][gc,start    ] GC(2) Pause Remark
[2025-12-04T22:13:29.111+0530][gc          ] GC(2) Pause Remark 139M->139M(1024M) 1.073ms
[2025-12-04T22:13:29.111+0530][gc,cpu      ] GC(2) User=0.00s Sys=0.00s Real=0.00s
[2025-12-04T22:13:29.111+0530][gc,marking  ] GC(2) Concurrent Mark 2.078ms
[2025-12-04T22:13:29.111+0530][gc,marking  ] GC(2) Concurrent Rebuild Remembered Sets and Scrub Regions
[2025-12-04T22:13:29.112+0530][gc,marking  ] GC(2) Concurrent Rebuild Remembered Sets and Scrub Regions 1.269ms
[2025-12-04T22:13:29.112+0530][gc,start    ] GC(2) Pause Cleanup
[2025-12-04T22:13:29.112+0530][gc          ] GC(2) Pause Cleanup 139M->139M(1024M) 0.015ms
[2025-12-04T22:13:29.112+0530][gc,cpu      ] GC(2) User=0.00s Sys=0.00s Real=0.00s
[2025-12-04T22:13:29.112+0530][gc,marking  ] GC(2) Concurrent Clear Claimed Marks
[2025-12-04T22:13:29.112+0530][gc,marking  ] GC(2) Concurrent Clear Claimed Marks 0.019ms
[2025-12-04T22:13:29.112+0530][gc,marking  ] GC(2) Concurrent Cleanup for Next Mark
[2025-12-04T22:13:29.113+0530][gc,marking  ] GC(2) Concurrent Cleanup for Next Mark 0.967ms
[2025-12-04T22:13:29.113+0530][gc          ] GC(2) Concurrent Mark Cycle 5.710ms
[2025-12-04T22:15:03.402+0530][gc,heap,exit] Heap
[2025-12-04T22:15:03.402+0530][gc,heap,exit]  garbage-first heap   total reserved 1048576K, committed 1048576K, used 191383K [0x00000007c0000000, 0x0000000800000000)
[2025-12-04T22:15:03.402+0530][gc,heap,exit]   region size 1024K, 51 young (52224K), 2 survivors (2048K)
[2025-12-04T22:15:03.402+0530][gc,heap,exit]  Metaspace       used 31797K, committed 32064K, reserved 1114112K
[2025-12-04T22:15:03.402+0530][gc,heap,exit]   class space    used 3943K, committed 4096K, reserved 1048576K
