[2025-12-04T22:16:07.550+0530][gc,init] CardTable entry size: 512
[2025-12-04T22:16:07.551+0530][gc     ] Using G1
[2025-12-04T22:16:07.552+0530][gc,init] Version: 23.0.2+7 (release)
[2025-12-04T22:16:07.552+0530][gc,init] CPUs: 10 total, 10 available
[2025-12-04T22:16:07.552+0530][gc,init] Memory: 16384M
[2025-12-04T22:16:07.552+0530][gc,init] Large Page Support: Disabled
[2025-12-04T22:16:07.552+0530][gc,init] NUMA Support: Disabled
[2025-12-04T22:16:07.552+0530][gc,init] Compressed Oops: Enabled (Zero based)
[2025-12-04T22:16:07.552+0530][gc,init] Heap Region Size: 1M
[2025-12-04T22:16:07.552+0530][gc,init] Heap Min Capacity: 1G
[2025-12-04T22:16:07.552+0530][gc,init] Heap Initial Capacity: 1G
[2025-12-04T22:16:07.552+0530][gc,init] Heap Max Capacity: 1G
[2025-12-04T22:16:07.552+0530][gc,init] Pre-touch: Disabled
[2025-12-04T22:16:07.552+0530][gc,init] Parallel Workers: 9
[2025-12-04T22:16:07.552+0530][gc,init] Concurrent Workers: 2
[2025-12-04T22:16:07.552+0530][gc,init] Concurrent Refinement Workers: 9
[2025-12-04T22:16:07.552+0530][gc,init] Periodic GC: Disabled
[2025-12-04T22:16:07.555+0530][gc,metaspace] CDS archive(s) mapped at: [0x0000100000000000-0x0000100000d94000-0x0000100000d94000), size 14237696, SharedBaseAddress: 0x0000100000000000, ArchiveRelocationMode: 1.
[2025-12-04T22:16:07.555+0530][gc,metaspace] Compressed class space mapped at: 0x0000100001000000-0x0000100041000000, reserved size: 1073741824
[2025-12-04T22:16:07.555+0530][gc,metaspace] Narrow klass base: 0x0000100000000000, Narrow klass shift: 0, Narrow klass range: 0x100000000
[2025-12-04T22:16:13.178+0530][gc,start    ] GC(0) Pause Young (Normal) (G1 Evacuation Pause)
[2025-12-04T22:16:13.178+0530][gc,task     ] GC(0) Using 9 workers of 9 for evacuation
[2025-12-04T22:16:13.180+0530][gc,phases   ] GC(0)   Pre Evacuate Collection Set: 0.14ms
[2025-12-04T22:16:13.180+0530][gc,phases   ] GC(0)   Merge Heap Roots: 0.05ms
[2025-12-04T22:16:13.180+0530][gc,phases   ] GC(0)   Evacuate Collection Set: 1.88ms
[2025-12-04T22:16:13.180+0530][gc,phases   ] GC(0)   Post Evacuate Collection Set: 0.45ms
[2025-12-04T22:16:13.180+0530][gc,phases   ] GC(0)   Other: 0.24ms
[2025-12-04T22:16:13.180+0530][gc,heap     ] GC(0) Eden regions: 51->0(44)
[2025-12-04T22:16:13.180+0530][gc,heap     ] GC(0) Survivor regions: 0->7(7)
[2025-12-04T22:16:13.180+0530][gc,heap     ] GC(0) Old regions: 2->4
[2025-12-04T22:16:13.180+0530][gc,heap     ] GC(0) Humongous regions: 0->0
[2025-12-04T22:16:13.180+0530][gc,metaspace] GC(0) Metaspace: 19249K(19520K)->19249K(19520K) NonClass: 16683K(16832K)->16683K(16832K) Class: 2565K(2688K)->2565K(2688K)
[2025-12-04T22:16:13.181+0530][gc          ] GC(0) Pause Young (Normal) (G1 Evacuation Pause) (Evacuation Failure: Pinned) 52M->9M(1024M) 2.961ms
[2025-12-04T22:16:13.181+0530][gc,cpu      ] GC(0) User=0.01s Sys=0.00s Real=0.01s
[2025-12-04T22:16:13.233+0530][gc,start    ] GC(1) Pause Young (Concurrent Start) (Metadata GC Threshold)
[2025-12-04T22:16:13.233+0530][gc,task     ] GC(1) Using 9 workers of 9 for evacuation
[2025-12-04T22:16:13.235+0530][gc,phases   ] GC(1)   Pre Evacuate Collection Set: 0.13ms
[2025-12-04T22:16:13.235+0530][gc,phases   ] GC(1)   Merge Heap Roots: 0.04ms
[2025-12-04T22:16:13.235+0530][gc,phases   ] GC(1)   Evacuate Collection Set: 1.71ms
[2025-12-04T22:16:13.235+0530][gc,phases   ] GC(1)   Post Evacuate Collection Set: 0.27ms
[2025-12-04T22:16:13.235+0530][gc,phases   ] GC(1)   Other: 0.07ms
[2025-12-04T22:16:13.235+0530][gc,heap     ] GC(1) Eden regions: 10->0(49)
[2025-12-04T22:16:13.235+0530][gc,heap     ] GC(1) Survivor regions: 7->2(7)
[2025-12-04T22:16:13.235+0530][gc,heap     ] GC(1) Old regions: 4->9
[2025-12-04T22:16:13.235+0530][gc,heap     ] GC(1) Humongous regions: 129->129
[2025-12-04T22:16:13.235+0530][gc,metaspace] GC(1) Metaspace: 21325K(21504K)->21325K(21504K) NonClass: 18496K(18560K)->18496K(18560K) Class: 2829K(2944K)->2829K(2944K)
[2025-12-04T22:16:13.235+0530][gc          ] GC(1) Pause Young (Concurrent Start) (Metadata GC Threshold) 147M->138M(1024M) 2.377ms
[2025-12-04T22:16:13.235+0530][gc,cpu      ] GC(1) User=0.01s Sys=0.01s Real=0.00s
[2025-12-04T22:16:13.235+0530][gc          ] GC(2) Concurrent Mark Cycle
[2025-12-04T22:16:13.235+0530][gc,marking  ] GC(2) Concurrent Scan Root Regions
[2025-12-04T22:16:13.236+0530][gc,marking  ] GC(2) Concurrent Scan Root Regions 1.155ms
[2025-12-04T22:16:13.236+0530][gc,marking  ] GC(2) Concurrent Mark
[2025-12-04T22:16:13.236+0530][gc,marking  ] GC(2) Concurrent Mark From Roots
[2025-12-04T22:16:13.236+0530][gc,task     ] GC(2) Using 2 workers of 2 for marking
[2025-12-04T22:16:13.238+0530][gc,marking  ] GC(2) Concurrent Mark From Roots 1.272ms
[2025-12-04T22:16:13.238+0530][gc,marking  ] GC(2) Concurrent Preclean
[2025-12-04T22:16:13.238+0530][gc,marking  ] GC(2) Concurrent Preclean 0.007ms
[2025-12-04T22:16:13.238+0530][gc,start    ] GC(2) Pause Remark
[2025-12-04T22:16:13.239+0530][gc          ] GC(2) Pause Remark 139M->139M(1024M) 1.010ms
[2025-12-04T22:16:13.239+0530][gc,cpu      ] GC(2) User=0.00s Sys=0.00s Real=0.00s
[2025-12-04T22:16:13.239+0530][gc,marking  ] GC(2) Concurrent Mark 2.419ms
[2025-12-04T22:16:13.239+0530][gc,marking  ] GC(2) Concurrent Rebuild Remembered Sets and Scrub Regions
[2025-12-04T22:16:13.240+0530][gc,marking  ] GC(2) Concurrent Rebuild Remembered Sets and Scrub Regions 1.186ms
[2025-12-04T22:16:13.240+0530][gc,start    ] GC(2) Pause Cleanup
[2025-12-04T22:16:13.240+0530][gc          ] GC(2) Pause Cleanup 139M->139M(1024M) 0.022ms
[2025-12-04T22:16:13.240+0530][gc,cpu      ] GC(2) User=0.00s Sys=0.00s Real=0.00s
[2025-12-04T22:16:13.240+0530][gc,marking  ] GC(2) Concurrent Clear Claimed Marks
[2025-12-04T22:16:13.240+0530][gc,marking  ] GC(2) Concurrent Clear Claimed Marks 0.011ms
[2025-12-04T22:16:13.240+0530][gc,marking  ] GC(2) Concurrent Cleanup for Next Mark
[2025-12-04T22:16:13.241+0530][gc,marking  ] GC(2) Concurrent Cleanup for Next Mark 1.017ms
[2025-12-04T22:16:13.241+0530][gc          ] GC(2) Concurrent Mark Cycle 5.990ms
[2025-12-04T22:23:47.511+0530][gc,start    ] GC(3) Pause Young (Prepare Mixed) (G1 Evacuation Pause)
[2025-12-04T22:23:47.511+0530][gc,task     ] GC(3) Using 9 workers of 9 for evacuation
[2025-12-04T22:23:47.513+0530][gc,phases   ] GC(3)   Pre Evacuate Collection Set: 0.17ms
[2025-12-04T22:23:47.513+0530][gc,phases   ] GC(3)   Merge Heap Roots: 0.08ms
[2025-12-04T22:23:47.513+0530][gc,phases   ] GC(3)   Evacuate Collection Set: 1.99ms
[2025-12-04T22:23:47.513+0530][gc,phases   ] GC(3)   Post Evacuate Collection Set: 0.33ms
[2025-12-04T22:23:47.513+0530][gc,phases   ] GC(3)   Other: 0.05ms
[2025-12-04T22:23:47.513+0530][gc,heap     ] GC(3) Eden regions: 49->0(45)
[2025-12-04T22:23:47.513+0530][gc,heap     ] GC(3) Survivor regions: 2->6(7)
[2025-12-04T22:23:47.513+0530][gc,heap     ] GC(3) Old regions: 9->9
[2025-12-04T22:23:47.513+0530][gc,heap     ] GC(3) Humongous regions: 129->129
[2025-12-04T22:23:47.513+0530][gc,metaspace] GC(3) Metaspace: 31891K(32256K)->31891K(32256K) NonClass: 27909K(28096K)->27909K(28096K) Class: 3982K(4160K)->3982K(4160K)
[2025-12-04T22:23:47.513+0530][gc          ] GC(3) Pause Young (Prepare Mixed) (G1 Evacuation Pause) 187M->142M(1024M) 2.778ms
[2025-12-04T22:23:47.513+0530][gc,cpu      ] GC(3) User=0.02s Sys=0.00s Real=0.00s
[2025-12-04T22:31:13.503+0530][gc,start    ] GC(4) Pause Young (Mixed) (G1 Evacuation Pause)
[2025-12-04T22:31:13.504+0530][gc,task     ] GC(4) Using 9 workers of 9 for evacuation
[2025-12-04T22:31:13.514+0530][gc,phases   ] GC(4)   Pre Evacuate Collection Set: 0.68ms
[2025-12-04T22:31:13.514+0530][gc,phases   ] GC(4)   Merge Heap Roots: 0.11ms
[2025-12-04T22:31:13.514+0530][gc,phases   ] GC(4)   Evacuate Collection Set: 8.45ms
[2025-12-04T22:31:13.514+0530][gc,phases   ] GC(4)   Post Evacuate Collection Set: 0.59ms
[2025-12-04T22:31:13.514+0530][gc,phases   ] GC(4)   Other: 0.24ms
[2025-12-04T22:31:13.514+0530][gc,heap     ] GC(4) Eden regions: 45->0(47)
[2025-12-04T22:31:13.514+0530][gc,heap     ] GC(4) Survivor regions: 6->4(7)
[2025-12-04T22:31:13.514+0530][gc,heap     ] GC(4) Old regions: 9->14
[2025-12-04T22:31:13.514+0530][gc,heap     ] GC(4) Humongous regions: 129->129
[2025-12-04T22:31:13.514+0530][gc,metaspace] GC(4) Metaspace: 35044K(35456K)->35044K(35456K) NonClass: 30735K(30976K)->30735K(30976K) Class: 4308K(4480K)->4308K(4480K)
[2025-12-04T22:31:13.514+0530][gc          ] GC(4) Pause Young (Mixed) (G1 Evacuation Pause) 187M->145M(1024M) 10.796ms
[2025-12-04T22:31:13.514+0530][gc,cpu      ] GC(4) User=0.05s Sys=0.00s Real=0.01s
[2025-12-04T22:41:43.220+0530][gc,start    ] GC(5) Pause Young (Normal) (G1 Evacuation Pause)
[2025-12-04T22:41:43.220+0530][gc,task     ] GC(5) Using 9 workers of 9 for evacuation
[2025-12-04T22:41:43.232+0530][gc,phases   ] GC(5)   Pre Evacuate Collection Set: 0.44ms
[2025-12-04T22:41:43.232+0530][gc,phases   ] GC(5)   Merge Heap Roots: 0.11ms
[2025-12-04T22:41:43.232+0530][gc,phases   ] GC(5)   Evacuate Collection Set: 10.49ms
[2025-12-04T22:41:43.232+0530][gc,phases   ] GC(5)   Post Evacuate Collection Set: 0.45ms
[2025-12-04T22:41:43.232+0530][gc,phases   ] GC(5)   Other: 0.16ms
[2025-12-04T22:41:43.232+0530][gc,heap     ] GC(5) Eden regions: 47->0(48)
[2025-12-04T22:41:43.232+0530][gc,heap     ] GC(5) Survivor regions: 4->3(7)
[2025-12-04T22:41:43.232+0530][gc,heap     ] GC(5) Old regions: 14->14
[2025-12-04T22:41:43.232+0530][gc,heap     ] GC(5) Humongous regions: 129->129
[2025-12-04T22:41:43.232+0530][gc,metaspace] GC(5) Metaspace: 35153K(35584K)->35153K(35584K) NonClass: 30834K(31040K)->30834K(31040K) Class: 4318K(4544K)->4318K(4544K)
[2025-12-04T22:41:43.232+0530][gc          ] GC(5) Pause Young (Normal) (G1 Evacuation Pause) 192M->144M(1024M) 12.120ms
[2025-12-04T22:41:43.232+0530][gc,cpu      ] GC(5) User=0.01s Sys=0.00s Real=0.01s
[2025-12-04T22:47:34.179+0530][gc,start    ] GC(6) Pause Young (Concurrent Start) (Metadata GC Threshold)
[2025-12-04T22:47:34.179+0530][gc,task     ] GC(6) Using 9 workers of 9 for evacuation
[2025-12-04T22:47:34.181+0530][gc,phases   ] GC(6)   Pre Evacuate Collection Set: 0.19ms
[2025-12-04T22:47:34.181+0530][gc,phases   ] GC(6)   Merge Heap Roots: 0.06ms
[2025-12-04T22:47:34.181+0530][gc,phases   ] GC(6)   Evacuate Collection Set: 1.50ms
[2025-12-04T22:47:34.181+0530][gc,phases   ] GC(6)   Post Evacuate Collection Set: 0.25ms
[2025-12-04T22:47:34.181+0530][gc,phases   ] GC(6)   Other: 0.08ms
[2025-12-04T22:47:34.181+0530][gc,heap     ] GC(6) Eden regions: 26->0(48)
[2025-12-04T22:47:34.181+0530][gc,heap     ] GC(6) Survivor regions: 3->3(7)
[2025-12-04T22:47:34.181+0530][gc,heap     ] GC(6) Old regions: 14->14
[2025-12-04T22:47:34.181+0530][gc,heap     ] GC(6) Humongous regions: 129->129
[2025-12-04T22:47:34.181+0530][gc,metaspace] GC(6) Metaspace: 35646K(36096K)->35646K(36096K) NonClass: 31254K(31488K)->31254K(31488K) Class: 4392K(4608K)->4392K(4608K)
[2025-12-04T22:47:34.181+0530][gc          ] GC(6) Pause Young (Concurrent Start) (Metadata GC Threshold) 170M->145M(1024M) 2.279ms
[2025-12-04T22:47:34.181+0530][gc,cpu      ] GC(6) User=0.02s Sys=0.00s Real=0.01s
[2025-12-04T22:47:34.181+0530][gc          ] GC(7) Concurrent Mark Cycle
[2025-12-04T22:47:34.181+0530][gc,marking  ] GC(7) Concurrent Scan Root Regions
[2025-12-04T22:47:34.182+0530][gc,marking  ] GC(7) Concurrent Scan Root Regions 0.903ms
[2025-12-04T22:47:34.182+0530][gc,marking  ] GC(7) Concurrent Mark
[2025-12-04T22:47:34.182+0530][gc,marking  ] GC(7) Concurrent Mark From Roots
[2025-12-04T22:47:34.182+0530][gc,task     ] GC(7) Using 2 workers of 2 for marking
[2025-12-04T22:47:34.189+0530][gc,marking  ] GC(7) Concurrent Mark From Roots 6.692ms
[2025-12-04T22:47:34.189+0530][gc,marking  ] GC(7) Concurrent Preclean
[2025-12-04T22:47:34.189+0530][gc,marking  ] GC(7) Concurrent Preclean 0.058ms
[2025-12-04T22:47:34.189+0530][gc,start    ] GC(7) Pause Remark
[2025-12-04T22:47:34.193+0530][gc          ] GC(7) Pause Remark 146M->146M(1024M) 3.892ms
[2025-12-04T22:47:34.193+0530][gc,cpu      ] GC(7) User=0.02s Sys=0.00s Real=0.01s
[2025-12-04T22:47:34.193+0530][gc,marking  ] GC(7) Concurrent Mark 10.814ms
[2025-12-04T22:47:34.193+0530][gc,marking  ] GC(7) Concurrent Rebuild Remembered Sets and Scrub Regions
[2025-12-04T22:47:34.196+0530][gc,marking  ] GC(7) Concurrent Rebuild Remembered Sets and Scrub Regions 2.614ms
[2025-12-04T22:47:34.196+0530][gc,start    ] GC(7) Pause Cleanup
[2025-12-04T22:47:34.196+0530][gc          ] GC(7) Pause Cleanup 146M->146M(1024M) 0.025ms
[2025-12-04T22:47:34.196+0530][gc,cpu      ] GC(7) User=0.00s Sys=0.00s Real=0.00s
[2025-12-04T22:47:34.196+0530][gc,marking  ] GC(7) Concurrent Clear Claimed Marks
[2025-12-04T22:47:34.196+0530][gc,marking  ] GC(7) Concurrent Clear Claimed Marks 0.046ms
[2025-12-04T22:47:34.196+0530][gc,marking  ] GC(7) Concurrent Cleanup for Next Mark
[2025-12-04T22:47:34.197+0530][gc,marking  ] GC(7) Concurrent Cleanup for Next Mark 1.006ms
[2025-12-04T22:47:34.197+0530][gc          ] GC(7) Concurrent Mark Cycle 15.646ms
[2025-12-04T22:55:21.484+0530][gc,start    ] GC(8) Pause Young (Prepare Mixed) (G1 Evacuation Pause)
[2025-12-04T22:55:21.484+0530][gc,task     ] GC(8) Using 9 workers of 9 for evacuation
[2025-12-04T22:55:21.499+0530][gc,phases   ] GC(8)   Pre Evacuate Collection Set: 0.65ms
[2025-12-04T22:55:21.499+0530][gc,phases   ] GC(8)   Merge Heap Roots: 0.24ms
[2025-12-04T22:55:21.499+0530][gc,phases   ] GC(8)   Evacuate Collection Set: 13.62ms
[2025-12-04T22:55:21.499+0530][gc,phases   ] GC(8)   Post Evacuate Collection Set: 0.51ms
[2025-12-04T22:55:21.499+0530][gc,phases   ] GC(8)   Other: 0.21ms
[2025-12-04T22:55:21.499+0530][gc,heap     ] GC(8) Eden regions: 48->0(47)
[2025-12-04T22:55:21.499+0530][gc,heap     ] GC(8) Survivor regions: 3->4(7)
[2025-12-04T22:55:21.499+0530][gc,heap     ] GC(8) Old regions: 14->14
[2025-12-04T22:55:21.499+0530][gc,heap     ] GC(8) Humongous regions: 129->129
[2025-12-04T22:55:21.499+0530][gc,metaspace] GC(8) Metaspace: 36339K(36736K)->36339K(36736K) NonClass: 31857K(32064K)->31857K(32064K) Class: 4482K(4672K)->4482K(4672K)
[2025-12-04T22:55:21.499+0530][gc          ] GC(8) Pause Young (Prepare Mixed) (G1 Evacuation Pause) 193M->146M(1024M) 15.830ms
[2025-12-04T22:55:21.499+0530][gc,cpu      ] GC(8) User=0.02s Sys=0.01s Real=0.01s
[2025-12-04T23:03:06.177+0530][gc,start    ] GC(9) Pause Young (Mixed) (G1 Evacuation Pause)
[2025-12-04T23:03:06.178+0530][gc,task     ] GC(9) Using 9 workers of 9 for evacuation
[2025-12-04T23:03:06.187+0530][gc,phases   ] GC(9)   Pre Evacuate Collection Set: 0.51ms
[2025-12-04T23:03:06.187+0530][gc,phases   ] GC(9)   Merge Heap Roots: 0.12ms
[2025-12-04T23:03:06.187+0530][gc,phases   ] GC(9)   Evacuate Collection Set: 7.53ms
[2025-12-04T23:03:06.187+0530][gc,phases   ] GC(9)   Post Evacuate Collection Set: 0.60ms
[2025-12-04T23:03:06.187+0530][gc,phases   ] GC(9)   Other: 0.20ms
[2025-12-04T23:03:06.187+0530][gc,heap     ] GC(9) Eden regions: 47->0(47)
[2025-12-04T23:03:06.187+0530][gc,heap     ] GC(9) Survivor regions: 4->4(7)
[2025-12-04T23:03:06.187+0530][gc,heap     ] GC(9) Old regions: 14->14
[2025-12-04T23:03:06.187+0530][gc,heap     ] GC(9) Humongous regions: 129->129
[2025-12-04T23:03:06.187+0530][gc,metaspace] GC(9) Metaspace: 36471K(36928K)->36471K(36928K) NonClass: 31988K(32256K)->31988K(32256K) Class: 4483K(4672K)->4483K(4672K)
[2025-12-04T23:03:06.187+0530][gc          ] GC(9) Pause Young (Mixed) (G1 Evacuation Pause) 193M->146M(1024M) 9.644ms
[2025-12-04T23:03:06.187+0530][gc,cpu      ] GC(9) User=0.03s Sys=0.00s Real=0.01s
[2025-12-04T23:11:17.575+0530][gc,start    ] GC(10) Pause Young (Normal) (G1 Evacuation Pause)
[2025-12-04T23:11:17.575+0530][gc,task     ] GC(10) Using 9 workers of 9 for evacuation
[2025-12-04T23:11:17.582+0530][gc,phases   ] GC(10)   Pre Evacuate Collection Set: 0.49ms
[2025-12-04T23:11:17.582+0530][gc,phases   ] GC(10)   Merge Heap Roots: 0.16ms
[2025-12-04T23:11:17.582+0530][gc,phases   ] GC(10)   Evacuate Collection Set: 5.02ms
[2025-12-04T23:11:17.582+0530][gc,phases   ] GC(10)   Post Evacuate Collection Set: 0.59ms
[2025-12-04T23:11:17.582+0530][gc,phases   ] GC(10)   Other: 0.17ms
[2025-12-04T23:11:17.582+0530][gc,heap     ] GC(10) Eden regions: 47->0(47)
[2025-12-04T23:11:17.582+0530][gc,heap     ] GC(10) Survivor regions: 4->4(7)
[2025-12-04T23:11:17.582+0530][gc,heap     ] GC(10) Old regions: 14->15
[2025-12-04T23:11:17.582+0530][gc,heap     ] GC(10) Humongous regions: 129->129
[2025-12-04T23:11:17.582+0530][gc,metaspace] GC(10) Metaspace: 36529K(36992K)->36529K(36992K) NonClass: 32045K(32320K)->32045K(32320K) Class: 4483K(4672K)->4483K(4672K)
[2025-12-04T23:11:17.582+0530][gc          ] GC(10) Pause Young (Normal) (G1 Evacuation Pause) 193M->146M(1024M) 6.940ms
[2025-12-04T23:11:17.582+0530][gc,cpu      ] GC(10) User=0.03s Sys=0.00s Real=0.01s
[2025-12-04T23:19:03.891+0530][gc,start    ] GC(11) Pause Young (Normal) (G1 Evacuation Pause)
[2025-12-04T23:19:03.892+0530][gc,task     ] GC(11) Using 9 workers of 9 for evacuation
[2025-12-04T23:19:03.899+0530][gc,phases   ] GC(11)   Pre Evacuate Collection Set: 1.34ms
[2025-12-04T23:19:03.899+0530][gc,phases   ] GC(11)   Merge Heap Roots: 0.20ms
[2025-12-04T23:19:03.899+0530][gc,phases   ] GC(11)   Evacuate Collection Set: 4.98ms
[2025-12-04T23:19:03.899+0530][gc,phases   ] GC(11)   Post Evacuate Collection Set: 0.59ms
[2025-12-04T23:19:03.899+0530][gc,phases   ] GC(11)   Other: 0.20ms
[2025-12-04T23:19:03.899+0530][gc,heap     ] GC(11) Eden regions: 47->0(63)
[2025-12-04T23:19:03.899+0530][gc,heap     ] GC(11) Survivor regions: 4->3(7)
[2025-12-04T23:19:03.899+0530][gc,heap     ] GC(11) Old regions: 15->15
[2025-12-04T23:19:03.899+0530][gc,heap     ] GC(11) Humongous regions: 129->129
[2025-12-04T23:19:03.899+0530][gc,metaspace] GC(11) Metaspace: 36596K(36992K)->36596K(36992K) NonClass: 32105K(32320K)->32105K(32320K) Class: 4491K(4672K)->4491K(4672K)
[2025-12-04T23:19:03.899+0530][gc          ] GC(11) Pause Young (Normal) (G1 Evacuation Pause) 193M->145M(1024M) 7.969ms
[2025-12-04T23:19:03.899+0530][gc,cpu      ] GC(11) User=0.02s Sys=0.00s Real=0.00s
[2025-12-04T23:31:12.128+0530][gc,start    ] GC(12) Pause Young (Normal) (G1 Evacuation Pause)
[2025-12-04T23:31:12.128+0530][gc,task     ] GC(12) Using 9 workers of 9 for evacuation
[2025-12-04T23:31:12.140+0530][gc,phases   ] GC(12)   Pre Evacuate Collection Set: 0.28ms
[2025-12-04T23:31:12.140+0530][gc,phases   ] GC(12)   Merge Heap Roots: 0.09ms
[2025-12-04T23:31:12.140+0530][gc,phases   ] GC(12)   Evacuate Collection Set: 10.62ms
[2025-12-04T23:31:12.140+0530][gc,phases   ] GC(12)   Post Evacuate Collection Set: 0.56ms
[2025-12-04T23:31:12.140+0530][gc,phases   ] GC(12)   Other: 0.18ms
[2025-12-04T23:31:12.140+0530][gc,heap     ] GC(12) Eden regions: 68->0(56)
[2025-12-04T23:31:12.140+0530][gc,heap     ] GC(12) Survivor regions: 3->4(9)
[2025-12-04T23:31:12.140+0530][gc,heap     ] GC(12) Old regions: 15->15
[2025-12-04T23:31:12.140+0530][gc,heap     ] GC(12) Humongous regions: 129->129
[2025-12-04T23:31:12.140+0530][gc,metaspace] GC(12) Metaspace: 36625K(37056K)->36625K(37056K) NonClass: 32134K(32384K)->32134K(32384K) Class: 4491K(4672K)->4491K(4672K)
[2025-12-04T23:31:12.140+0530][gc          ] GC(12) Pause Young (Normal) (G1 Evacuation Pause) 213M->146M(1024M) 12.258ms
[2025-12-04T23:31:12.140+0530][gc,cpu      ] GC(12) User=0.01s Sys=0.01s Real=0.02s
[2025-12-04T23:41:08.629+0530][gc,start    ] GC(13) Pause Young (Normal) (G1 Evacuation Pause)
[2025-12-04T23:41:08.630+0530][gc,task     ] GC(13) Using 9 workers of 9 for evacuation
[2025-12-04T23:41:08.643+0530][gc,phases   ] GC(13)   Pre Evacuate Collection Set: 0.25ms
[2025-12-04T23:41:08.643+0530][gc,phases   ] GC(13)   Merge Heap Roots: 0.08ms
[2025-12-04T23:41:08.643+0530][gc,phases   ] GC(13)   Evacuate Collection Set: 11.95ms
[2025-12-04T23:41:08.643+0530][gc,phases   ] GC(13)   Post Evacuate Collection Set: 0.78ms
[2025-12-04T23:41:08.643+0530][gc,phases   ] GC(13)   Other: 0.20ms
[2025-12-04T23:41:08.643+0530][gc,heap     ] GC(13) Eden regions: 57->0(65)
[2025-12-04T23:41:08.643+0530][gc,heap     ] GC(13) Survivor regions: 4->5(8)
[2025-12-04T23:41:08.643+0530][gc,heap     ] GC(13) Old regions: 15->15
[2025-12-04T23:41:08.643+0530][gc,heap     ] GC(13) Humongous regions: 129->129
[2025-12-04T23:41:08.643+0530][gc,metaspace] GC(13) Metaspace: 36639K(37120K)->36639K(37120K) NonClass: 32148K(32448K)->32148K(32448K) Class: 4491K(4672K)->4491K(4672K)
[2025-12-04T23:41:08.643+0530][gc          ] GC(13) Pause Young (Normal) (G1 Evacuation Pause) 203M->147M(1024M) 13.953ms
[2025-12-04T23:41:08.643+0530][gc,cpu      ] GC(13) User=0.02s Sys=0.01s Real=0.02s
[2025-12-04T23:52:46.335+0530][gc,start    ] GC(14) Pause Young (Normal) (G1 Evacuation Pause)
[2025-12-04T23:52:46.336+0530][gc,task     ] GC(14) Using 9 workers of 9 for evacuation
[2025-12-04T23:52:46.349+0530][gc,phases   ] GC(14)   Pre Evacuate Collection Set: 0.61ms
[2025-12-04T23:52:46.350+0530][gc,phases   ] GC(14)   Merge Heap Roots: 0.19ms
[2025-12-04T23:52:46.350+0530][gc,phases   ] GC(14)   Evacuate Collection Set: 12.48ms
[2025-12-04T23:52:46.350+0530][gc,phases   ] GC(14)   Post Evacuate Collection Set: 0.40ms
[2025-12-04T23:52:46.350+0530][gc,phases   ] GC(14)   Other: 0.20ms
[2025-12-04T23:52:46.350+0530][gc,heap     ] GC(14) Eden regions: 66->0(79)
[2025-12-04T23:52:46.350+0530][gc,heap     ] GC(14) Survivor regions: 5->3(9)
[2025-12-04T23:52:46.350+0530][gc,heap     ] GC(14) Old regions: 15->15
[2025-12-04T23:52:46.350+0530][gc,heap     ] GC(14) Humongous regions: 129->129
[2025-12-04T23:52:46.350+0530][gc,metaspace] GC(14) Metaspace: 36676K(37120K)->36676K(37120K) NonClass: 32185K(32448K)->32185K(32448K) Class: 4491K(4672K)->4491K(4672K)
[2025-12-04T23:52:46.350+0530][gc          ] GC(14) Pause Young (Normal) (G1 Evacuation Pause) 213M->145M(1024M) 14.495ms
[2025-12-04T23:52:46.350+0530][gc,cpu      ] GC(14) User=0.02s Sys=0.00s Real=0.02s
[2025-12-05T00:07:19.757+0530][gc,start    ] GC(15) Pause Young (Normal) (G1 Evacuation Pause)
[2025-12-05T00:07:19.758+0530][gc,task     ] GC(15) Using 9 workers of 9 for evacuation
[2025-12-05T00:07:19.772+0530][gc,phases   ] GC(15)   Pre Evacuate Collection Set: 0.31ms
[2025-12-05T00:07:19.772+0530][gc,phases   ] GC(15)   Merge Heap Roots: 0.12ms
[2025-12-05T00:07:19.772+0530][gc,phases   ] GC(15)   Evacuate Collection Set: 13.78ms
[2025-12-05T00:07:19.772+0530][gc,phases   ] GC(15)   Post Evacuate Collection Set: 0.30ms
[2025-12-05T00:07:19.772+0530][gc,phases   ] GC(15)   Other: 0.10ms
[2025-12-05T00:07:19.772+0530][gc,heap     ] GC(15) Eden regions: 80->0(77)
[2025-12-05T00:07:19.772+0530][gc,heap     ] GC(15) Survivor regions: 3->4(11)
[2025-12-05T00:07:19.772+0530][gc,heap     ] GC(15) Old regions: 15->15
[2025-12-05T00:07:19.772+0530][gc,heap     ] GC(15) Humongous regions: 129->129
[2025-12-05T00:07:19.772+0530][gc,metaspace] GC(15) Metaspace: 36685K(37120K)->36685K(37120K) NonClass: 32194K(32448K)->32194K(32448K) Class: 4491K(4672K)->4491K(4672K)
[2025-12-05T00:07:19.772+0530][gc          ] GC(15) Pause Young (Normal) (G1 Evacuation Pause) 225M->146M(1024M) 14.871ms
[2025-12-05T00:07:19.772+0530][gc,cpu      ] GC(15) User=0.01s Sys=0.01s Real=0.02s
[2025-12-05T00:21:00.804+0530][gc,start    ] GC(16) Pause Young (Normal) (G1 Evacuation Pause)
[2025-12-05T00:21:00.805+0530][gc,task     ] GC(16) Using 9 workers of 9 for evacuation
[2025-12-05T00:21:00.820+0530][gc,phases   ] GC(16)   Pre Evacuate Collection Set: 0.54ms
[2025-12-05T00:21:00.820+0530][gc,phases   ] GC(16)   Merge Heap Roots: 0.20ms
[2025-12-05T00:21:00.820+0530][gc,phases   ] GC(16)   Evacuate Collection Set: 14.31ms
[2025-12-05T00:21:00.820+0530][gc,phases   ] GC(16)   Post Evacuate Collection Set: 0.48ms
[2025-12-05T00:21:00.820+0530][gc,phases   ] GC(16)   Other: 0.22ms
[2025-12-05T00:21:00.821+0530][gc,heap     ] GC(16) Eden regions: 78->0(85)
[2025-12-05T00:21:00.821+0530][gc,heap     ] GC(16) Survivor regions: 4->4(11)
[2025-12-05T00:21:00.821+0530][gc,heap     ] GC(16) Old regions: 15->15
[2025-12-05T00:21:00.821+0530][gc,heap     ] GC(16) Humongous regions: 129->129
[2025-12-05T00:21:00.821+0530][gc,metaspace] GC(16) Metaspace: 36694K(37120K)->36694K(37120K) NonClass: 32203K(32448K)->32203K(32448K) Class: 4491K(4672K)->4491K(4672K)
[2025-12-05T00:21:00.821+0530][gc          ] GC(16) Pause Young (Normal) (G1 Evacuation Pause) 224M->146M(1024M) 16.434ms
[2025-12-05T00:21:00.821+0530][gc,cpu      ] GC(16) User=0.03s Sys=0.00s Real=0.02s
[2025-12-05T00:36:32.570+0530][gc,start    ] GC(17) Pause Young (Normal) (G1 Evacuation Pause)
[2025-12-05T00:36:32.570+0530][gc,task     ] GC(17) Using 9 workers of 9 for evacuation
[2025-12-05T00:36:32.582+0530][gc,phases   ] GC(17)   Pre Evacuate Collection Set: 0.72ms
[2025-12-05T00:36:32.582+0530][gc,phases   ] GC(17)   Merge Heap Roots: 0.09ms
[2025-12-05T00:36:32.582+0530][gc,phases   ] GC(17)   Evacuate Collection Set: 9.79ms
[2025-12-05T00:36:32.582+0530][gc,phases   ] GC(17)   Post Evacuate Collection Set: 0.88ms
[2025-12-05T00:36:32.582+0530][gc,phases   ] GC(17)   Other: 0.12ms
[2025-12-05T00:36:32.582+0530][gc,heap     ] GC(17) Eden regions: 85->0(86)
[2025-12-05T00:36:32.582+0530][gc,heap     ] GC(17) Survivor regions: 4->4(12)
[2025-12-05T00:36:32.582+0530][gc,heap     ] GC(17) Old regions: 15->15
[2025-12-05T00:36:32.582+0530][gc,heap     ] GC(17) Humongous regions: 129->129
[2025-12-05T00:36:32.582+0530][gc,metaspace] GC(17) Metaspace: 36707K(37120K)->36707K(37120K) NonClass: 32216K(32448K)->32216K(32448K) Class: 4491K(4672K)->4491K(4672K)
[2025-12-05T00:36:32.582+0530][gc          ] GC(17) Pause Young (Normal) (G1 Evacuation Pause) 231M->146M(1024M) 12.100ms
[2025-12-05T00:36:32.582+0530][gc,cpu      ] GC(17) User=0.01s Sys=0.00s Real=0.01s
[2025-12-05T00:52:14.471+0530][gc,start    ] GC(18) Pause Young (Normal) (G1 Evacuation Pause)
[2025-12-05T00:52:14.471+0530][gc,task     ] GC(18) Using 9 workers of 9 for evacuation
[2025-12-05T00:52:14.486+0530][gc,phases   ] GC(18)   Pre Evacuate Collection Set: 0.90ms
[2025-12-05T00:52:14.486+0530][gc,phases   ] GC(18)   Merge Heap Roots: 0.16ms
[2025-12-05T00:52:14.486+0530][gc,phases   ] GC(18)   Evacuate Collection Set: 12.89ms
[2025-12-05T00:52:14.486+0530][gc,phases   ] GC(18)   Post Evacuate Collection Set: 0.42ms
[2025-12-05T00:52:14.486+0530][gc,phases   ] GC(18)   Other: 0.18ms
[2025-12-05T00:52:14.486+0530][gc,heap     ] GC(18) Eden regions: 86->0(92)
[2025-12-05T00:52:14.486+0530][gc,heap     ] GC(18) Survivor regions: 4->4(12)
[2025-12-05T00:52:14.486+0530][gc,heap     ] GC(18) Old regions: 15->15
[2025-12-05T00:52:14.486+0530][gc,heap     ] GC(18) Humongous regions: 129->129
[2025-12-05T00:52:14.486+0530][gc,metaspace] GC(18) Metaspace: 36711K(37120K)->36711K(37120K) NonClass: 32220K(32448K)->32220K(32448K) Class: 4491K(4672K)->4491K(4672K)
[2025-12-05T00:52:14.486+0530][gc          ] GC(18) Pause Young (Normal) (G1 Evacuation Pause) 232M->146M(1024M) 15.131ms
[2025-12-05T00:52:14.486+0530][gc,cpu      ] GC(18) User=0.03s Sys=0.00s Real=0.01s
[2025-12-05T00:53:10.085+0530][gc,heap,exit] Heap
[2025-12-05T00:53:10.085+0530][gc,heap,exit]  garbage-first heap   total reserved 1048576K, committed 1048576K, used 166129K [0x00000007c0000000, 0x0000000800000000)
[2025-12-05T00:53:10.085+0530][gc,heap,exit]   region size 1024K, 20 young (20480K), 4 survivors (4096K)
[2025-12-05T00:53:10.085+0530][gc,heap,exit]  Metaspace       used 37522K, committed 38016K, reserved 1114112K
[2025-12-05T00:53:10.085+0530][gc,heap,exit]   class space    used 4683K, committed 4864K, reserved 1048576K
